// Jest Snapshot v1, https://goo.gl/fbAQLP

exports[`BoardListPage Should render correctly 1`] = `
<div
  className="board-page"
>
  <Link
    className="board-page__back-link"
    replace={false}
    to="/boards"
  >
    Go back
  </Link>
  <Board
    className="board-page__board"
    columns={
      Array [
        Object {
          "id": "1",
          "title": "To do",
        },
        Object {
          "id": "2",
          "title": "In progress",
        },
        Object {
          "id": "3",
          "title": "Done",
        },
      ]
    }
    id="42"
    tickets={
      Array [
        Object {
          "boardId": "42",
          "columnId": "1",
          "id": "1",
          "title": "Test ticket 1",
          "type": "task",
        },
        Object {
          "boardId": "42",
          "columnId": "2",
          "id": "2",
          "title": "Test ticket 1",
          "type": "task",
        },
        Object {
          "boardId": "42",
          "columnId": "3",
          "id": "3",
          "title": "Test ticket 1",
          "type": "task",
        },
      ]
    }
    title="Test board"
  />
</div>
`;
