// Jest Snapshot v1, https://goo.gl/fbAQLP

exports[`Board Should render correctly 1`] = `
<div
  className="board"
>
  <h1
    className="board__title"
  >
    Sample title
  </h1>
  <div
    className="board__controls"
  >
    <button
      className="board__new-column-button"
      onClick={[Function]}
    >
      <i
        className="fas fa-columns"
      />
       Add column
    </button>
    <button
      className="board__new-ticket-button"
      onClick={[Function]}
    >
      <i
        className="fas fa-ticket-alt"
      />
       Create ticket
    </button>
  </div>
  <div
    className="board__columns"
  >
    <Column
      boardId=""
      className="board__column"
      columns={
        Array [
          Object {
            "id": "1",
            "title": "To do",
          },
          Object {
            "id": "2",
            "title": "In progress",
          },
          Object {
            "id": "3",
            "title": "Done",
          },
        ]
      }
      id="1"
      key="1"
      showModal={[Function]}
      tickets={
        Array [
          Object {
            "boardId": "42",
            "columnId": "1",
            "id": "1",
            "priority": "high",
            "title": "Test ticket 1",
            "type": "task",
          },
        ]
      }
      title="To do"
    />
    <Column
      boardId=""
      className="board__column"
      columns={
        Array [
          Object {
            "id": "1",
            "title": "To do",
          },
          Object {
            "id": "2",
            "title": "In progress",
          },
          Object {
            "id": "3",
            "title": "Done",
          },
        ]
      }
      id="2"
      key="2"
      showModal={[Function]}
      tickets={
        Array [
          Object {
            "boardId": "42",
            "columnId": "2",
            "id": "2",
            "priority": "low",
            "title": "Test ticket 1",
            "type": "task",
          },
        ]
      }
      title="In progress"
    />
    <Column
      boardId=""
      className="board__column"
      columns={
        Array [
          Object {
            "id": "1",
            "title": "To do",
          },
          Object {
            "id": "2",
            "title": "In progress",
          },
          Object {
            "id": "3",
            "title": "Done",
          },
        ]
      }
      id="3"
      key="3"
      showModal={[Function]}
      tickets={
        Array [
          Object {
            "boardId": "42",
            "columnId": "3",
            "id": "3",
            "priority": "medium",
            "title": "Test ticket 1",
            "type": "task",
          },
        ]
      }
      title="Done"
    />
  </div>
</div>
`;
