// Jest Snapshot v1, https://goo.gl/fbAQLP

exports[`Ticket Should render correctly 1`] = `
<Link
  className="ticket"
  replace={false}
  to="/boards/24/tickets/42"
>
  <div
    className="ticket__content custom"
  >
    <h3
      className="ticket__title"
    >
      Sample title
    </h3>
    <p
      className="ticket__description"
    >
      Sample description
    </p>
    <p>
      <span
        className="ticket__field"
      >
        Type: 
      </span>
      <span
        className="ticket__icon"
      >
        <i
          aria-hidden="true"
          className="fa fa-wrench"
        />
         
      </span>
      <span
        className="ticket__type ticket__type_task"
      >
        task
      </span>
    </p>
    <p>
      <span
        className="ticket__field"
      >
        Priority: 
      </span>
      <span
        className="ticket__icon"
      >
        <i
          aria-hidden="true"
          className="fa fa-angle-up"
        />
         
      </span>
      <span
        className="ticket__priority ticket__priority_medium"
      >
        medium
      </span>
    </p>
  </div>
</Link>
`;
