// Jest Snapshot v1, https://goo.gl/fbAQLP

exports[`BoardEntry Should render correctly 1`] = `
<Link
  className="board-entry__wrapper"
  replace={false}
  to="/boards/42"
>
  <div
    className="board-entry custom"
  >
    <div
      className="board-entry__info"
    >
      <h2
        className="board-entry__title"
      >
        Sample title
      </h2>
      <p
        className="board-entry__description"
      >
        Sample description
      </p>
    </div>
    <div
      className="board-entry__controls"
    >
      <button
        className="board-entry__edit"
        onClick={[Function]}
      >
        <i
          aria-hidden="true"
          className="fa fa-pencil"
        />
         Edit
      </button>
      <button
        className="board-entry__delete"
        onClick={[Function]}
      >
        <i
          aria-hidden="true"
          className="fa fa-trash"
        />
         Delete
      </button>
    </div>
  </div>
</Link>
`;
